// Jest Snapshot v1, https://goo.gl/fbAQLP

exports[`<ModalScrollView /> renders correctly 1`] = `null`;
