// Jest Snapshot v1, https://goo.gl/fbAQLP

exports[`<TextBilingualHeading /> renders correctly 1`] = `
[
  <Image
    source={
      {
        "uri": "image",
      }
    }
    style={
      {
        "height": 250,
        "width": "100%",
      }
    }
  />,
  <Text
    style={
      [
        {
          "textAlign": "left",
        },
        {
          "color": "rgba(28, 27, 31, 1)",
          "writingDirection": "ltr",
        },
        [
          {
            "fontFamily": "System",
            "fontSize": 28,
            "fontWeight": "400",
            "letterSpacing": 0,
            "lineHeight": 36,
          },
          {
            "color": "rgba(28, 27, 31, 1)",
            "fontFamily": "philosopher",
            "paddingHorizontal": 25,
            "paddingTop": 25,
            "textAlign": "center",
          },
        ],
      ]
    }
  >
    title
  </Text>,
  <Text
    style={
      [
        {
          "textAlign": "left",
        },
        {
          "color": "rgba(28, 27, 31, 1)",
          "writingDirection": "ltr",
        },
        [
          {
            "fontFamily": "System",
            "fontSize": 16,
            "fontWeight": "500",
            "letterSpacing": 0.15,
            "lineHeight": 24,
          },
          {
            "color": "rgba(73, 69, 79, 1)",
            "marginLeft": 35,
            "marginRight": 35,
            "paddingTop": 15,
            "textAlign": "center",
          },
        ],
      ]
    }
  >
    author
  </Text>,
  <Text
    style={
      [
        {
          "textAlign": "left",
        },
        {
          "color": "rgba(28, 27, 31, 1)",
          "writingDirection": "ltr",
        },
        [
          {
            "fontFamily": "System",
            "fontSize": 16,
            "fontWeight": "500",
            "letterSpacing": 0.15,
            "lineHeight": 24,
          },
          {
            "color": "rgba(73, 69, 79, 1)",
            "marginLeft": 35,
            "marginRight": 35,
            "paddingTop": 15,
            "textAlign": "center",
          },
        ],
      ]
    }
  >
    source
  </Text>,
  <Text
    style={
      [
        {
          "textAlign": "left",
        },
        {
          "color": "rgba(28, 27, 31, 1)",
          "writingDirection": "ltr",
        },
        [
          {
            "fontFamily": "System",
            "fontSize": 12,
            "fontWeight": "500",
            "letterSpacing": 0.5,
            "lineHeight": 16,
          },
          {
            "color": "rgba(121, 116, 126, 1)",
            "paddingBottom": 10,
            "paddingTop": 20,
            "textAlign": "center",
          },
        ],
      ]
    }
  >
    5 min read · undefined views · undefined
  </Text>,
  <View
    style={
      [
        {
          "backgroundColor": "rgba(202, 196, 208, 1)",
          "height": 0.5,
        },
        undefined,
        false,
        false,
        {
          "marginLeft": 15,
          "marginRight": 15,
          "marginTop": 25,
        },
      ]
    }
  />,
]
`;
