// Jest Snapshot v1, https://goo.gl/fbAQLP

exports[`<TextArabic /> renders correctly 1`] = `null`;
