// Jest Snapshot v1, https://goo.gl/fbAQLP

exports[`<TextBilingualSentencesWordPairs /> renders without crashing renders correctly 1`] = `
[
  <Text
    style={
      [
        {
          "color": "rgba(28, 27, 31, 1)",
          "fontFamily": "System",
          "fontSize": 22,
          "fontWeight": "400",
          "letterSpacing": 0,
          "lineHeight": 28,
        },
        {
          "textAlign": "left",
        },
        {
          "writingDirection": "ltr",
        },
        {
          "fontFamily": "uthmanic",
          "fontSize": 33,
          "paddingBottom": 5,
          "paddingTop": 15,
        },
      ]
    }
  >
    وحشة
  </Text>,
  <Text
    style={
      [
        {
          "color": "rgba(28, 27, 31, 1)",
          "fontFamily": "System",
          "fontSize": 14,
          "fontWeight": "400",
          "letterSpacing": 0.25,
          "lineHeight": 20,
        },
        {
          "textAlign": "left",
        },
        {
          "writingDirection": "ltr",
        },
        undefined,
      ]
    }
  >
    alienation
  </Text>,
  <View
    style={
      [
        {
          "backgroundColor": "rgba(202, 196, 208, 1)",
          "height": 0.5,
        },
        undefined,
        false,
        false,
        {
          "marginBottom": 15,
          "marginTop": 15,
        },
      ]
    }
  />,
  <Text
    style={
      [
        {
          "color": "rgba(28, 27, 31, 1)",
          "fontFamily": "System",
          "fontSize": 22,
          "fontWeight": "400",
          "letterSpacing": 0,
          "lineHeight": 28,
        },
        {
          "textAlign": "left",
        },
        {
          "writingDirection": "ltr",
        },
        {
          "fontFamily": "uthmanic",
          "fontSize": 33,
          "paddingBottom": 5,
          "paddingTop": 15,
        },
      ]
    }
  >
    ربه
  </Text>,
  <Text
    style={
      [
        {
          "color": "rgba(28, 27, 31, 1)",
          "fontFamily": "System",
          "fontSize": 14,
          "fontWeight": "400",
          "letterSpacing": 0.25,
          "lineHeight": 20,
        },
        {
          "textAlign": "left",
        },
        {
          "writingDirection": "ltr",
        },
        undefined,
      ]
    }
  >
    his Lord
  </Text>,
  <View
    style={
      [
        {
          "backgroundColor": "rgba(202, 196, 208, 1)",
          "height": 0.5,
        },
        undefined,
        false,
        false,
        {
          "marginBottom": 15,
          "marginTop": 15,
        },
      ]
    }
  />,
]
`;
